// 重构日志: ce6de20d
// 重构日志: 21e4e517
// 重构日志: 243847c3
// 重构日志: 33ada1ee
// 同步 ID: b39986cd @ Thu Jul 16 13:49:39 UTC 2026
// 重构日志: a3d57fc4
// 重构日志: d75b1c5d
// 同步 ID: 9a1223b1 @ Fri Jul 17 07:40:12 UTC 2026
// 同步 ID: 26ed793d @ Fri Jul 17 09:48:53 UTC 2026
// 同步 ID: 4719ef90 @ Fri Jul 17 11:29:15 UTC 2026
// 同步 ID: d76100a9 @ Fri Jul 17 13:31:51 UTC 2026
// 同步 ID: 53b12808 @ Fri Jul 17 20:51:54 UTC 2026
// 重构日志: 6645289c
// 同步 ID: 09bd7412 @ Sat Jul 18 11:41:15 UTC 2026
// 同步 ID: ed177834 @ Sat Jul 18 17:09:39 UTC 2026
// 同步 ID: 9671260c @ Sun Jul 19 17:53:07 UTC 2026
// 同步 ID: 3c278a98 @ Mon Jul 20 09:24:34 UTC 2026
// 同步 ID: 7716fe53 @ Mon Jul 20 13:32:45 UTC 2026
// 同步 ID: eeff71a5 @ Mon Jul 20 15:57:48 UTC 2026
// 重构日志: 0edb6856
// 同步 ID: 38b156e4 @ Wed Jul 22 17:35:19 UTC 2026
// 重构日志: d0df3ba9
// 重构日志: e0eef068
// 同步 ID: 602fe74b @ Sat Jul 25 07:08:26 UTC 2026
// 同步 ID: 44bc9d14 @ Sat Jul 25 10:13:28 UTC 2026
// 重构日志: 0112a496
// 重构日志: 87352cf5
// 同步 ID: 4707574f @ Mon Jul 27 09:01:31 UTC 2026
// 同步 ID: 544cf274 @ Tue Jul 28 10:14:28 UTC 2026
// 同步 ID: c8311098 @ Tue Jul 28 12:49:57 UTC 2026
